[www.demo-ninetheme.com/cryptoland/index.html]
[backblue.gif]
[fade.gif]
[index.html]
[www.demo-ninetheme.com/cryptoland/wp-content/cache/minify/93f55.css]
[www.demo-ninetheme.com/cryptoland/feed/index.html]
[www.demo-ninetheme.com/cryptoland/home-1/feed/index.html]
[www.demo-ninetheme.com/cryptoland/wp-content/themes/cryptoland/framework/images/main_bg.png]
[www.demo-ninetheme.com/cryptoland/wp-content/cache/minify/3e8fc.js]
[www.demo-ninetheme.com/cryptoland/comments/feed/index.html]
[www.demo-ninetheme.com/cryptoland/xmlrpc0db0.php]
[www.demo-ninetheme.com/cryptoland/wp-json/index.html]
[www.demo-ninetheme.com/cryptoland/wp-includes/wlwmanifest.xml]
[www.demo-ninetheme.com/cryptoland/wp-json/oembed/1.0/embedcc83.json]
[www.demo-ninetheme.com/cryptoland/wp-json/oembed/1.0/embede616]
[www.demo-ninetheme.com/cryptoland/wp-content/uploads/2018/10/cropped-graphic-32x32.png]
[www.demo-ninetheme.com/cryptoland/wp-content/uploads/2018/10/cropped-graphic-192x192.png]
[www.demo-ninetheme.com/cryptoland/wp-content/uploads/2018/10/cropped-graphic-180x180.png]
[www.demo-ninetheme.com/cryptoland/wp-content/uploads/2018/10/team4f62.jpg]
[www.demo-ninetheme.com/cryptoland/wp-content/uploads/2018/10/mainBg-1.png]
[www.demo-ninetheme.com/cryptoland/wp-content/uploads/2018/09/city.png]
[www.demo-ninetheme.com/cryptoland/blog/index.html]
[www.demo-ninetheme.com/cryptoland/wp-content/uploads/2018/11/aboutBg.png]
[www.demo-ninetheme.com/cryptoland/wp-content/uploads/2018/10/partners-logo-1.png]
[www.demo-ninetheme.com/cryptoland/wp-content/uploads/2018/10/partners-logo-2.png]
[www.demo-ninetheme.com/cryptoland/wp-content/uploads/2018/10/partners-logo-3.png]
[www.demo-ninetheme.com/cryptoland/wp-content/uploads/2018/10/partners-logo-4.png]
[www.demo-ninetheme.com/cryptoland/wp-content/uploads/2018/10/partners-logo-5.png]
[www.demo-ninetheme.com/cryptoland/wp-content/uploads/2018/10/about-img-1.png]
[www.demo-ninetheme.com/cryptoland/wp-content/uploads/2018/10/video-btn.png]
[www.demo-ninetheme.com/cryptoland/wp-content/uploads/2018/10/about-img-2.png]
[www.demo-ninetheme.com/cryptoland/wp-content/uploads/2018/11/big-triangle-bg-right.png]
[www.demo-ninetheme.com/cryptoland/wp-content/uploads/2018/10/graphic.png]
[www.demo-ninetheme.com/cryptoland/wp-content/uploads/2018/10/ico-bar-bg-1.jpg]
[www.demo-ninetheme.com/cryptoland/wp-content/uploads/2018/10/token.png]
[www.demo-ninetheme.com/cryptoland/wp-content/uploads/2018/10/gp.png]
[www.demo-ninetheme.com/cryptoland/wp-content/uploads/2018/10/as.png]
[www.demo-ninetheme.com/cryptoland/wp-content/uploads/2018/10/iphone.png]
[www.demo-ninetheme.com/cryptoland/wp-content/uploads/2018/10/tokenBg-cut.png]
[www.demo-ninetheme.com/cryptoland/wp-content/uploads/2018/10/pdf.png]
[www.demo-ninetheme.com/cryptoland/wp-content/uploads/2018/10/advisorImg-1.png]
[www.demo-ninetheme.com/cryptoland/wp-content/uploads/2018/10/advisor-avatar-4-1.jpg]
[www.demo-ninetheme.com/cryptoland/wp-content/uploads/2018/10/advisorImg-3.png]
[www.demo-ninetheme.com/cryptoland/wp-content/uploads/2018/10/team-member-ava-1.png]
[www.demo-ninetheme.com/cryptoland/wp-content/uploads/2018/10/team-member-ava-2.png]
[www.demo-ninetheme.com/cryptoland/wp-content/uploads/2018/10/team-member-ava-3.png]
[www.demo-ninetheme.com/cryptoland/wp-content/uploads/2018/10/team-member-ava-4.png]
[www.demo-ninetheme.com/cryptoland/wp-content/uploads/2018/10/team-member-ava-5.png]
[www.demo-ninetheme.com/cryptoland/wp-content/uploads/2018/10/team-member-ava-7.png]
[www.demo-ninetheme.com/cryptoland/wp-content/uploads/2018/10/team-member-ava-8.png]
[www.demo-ninetheme.com/cryptoland/wp-content/uploads/2018/10/team-member-ava-10.png]
[www.demo-ninetheme.com/cryptoland/wp-content/uploads/2018/10/team-member-ava-11.png]
[www.demo-ninetheme.com/cryptoland/wp-content/uploads/2018/10/team-member-ava-12.png]
[www.demo-ninetheme.com/cryptoland/wp-content/uploads/2018/10/press-logo-1.png]
[www.demo-ninetheme.com/cryptoland/wp-content/uploads/2018/10/press-logo-2.png]
[www.demo-ninetheme.com/cryptoland/wp-content/cache/minify/897f8.js]
[www.demo-ninetheme.com/cryptoland/index.html]
[www.demo-ninetheme.com/cryptoland/2018/10/23/start-the-redemption-before-the-ico-completion-2/index.html]
[www.demo-ninetheme.com/cryptoland/2018/10/23/new-trends-in-ui-ux-design-world-integration/index.html]
[www.demo-ninetheme.com/cryptoland/2018/10/23/the-crypto-project-has-reached-seven-billions-2/index.html]
[www.demo-ninetheme.com/cryptoland/2018/10/05/start-the-redemption-before-the-ico-completion/index.html]
[www.demo-ninetheme.com/cryptoland/wp-content/plugins/contact-form-7/images/ajax-loader.gif]
[www.demo-ninetheme.com/cryptoland/wp-content/themes/cryptoland/framework/dist/ion-icons/fonts/ionicons28b5.eot]
[www.demo-ninetheme.com/cryptoland/2018/09/27/new-trends-crypto-moneys/index.html]
[www.demo-ninetheme.com/cryptoland/wp-content/themes/cryptoland/framework/dist/ion-icons/fonts/ionicons28b5.ttf]
[www.demo-ninetheme.com/cryptoland/wp-content/themes/cryptoland/framework/dist/ion-icons/fonts/ionicons28b5.woff]
[www.demo-ninetheme.com/cryptoland/2018/10/05/the-crypto-project-has-reached-seven-billions/index.html]
[www.demo-ninetheme.com/cryptoland/wp-content/themes/cryptoland/framework/dist/themify/fonts/themify9f24.eot]
[www.demo-ninetheme.com/cryptoland/wp-content/themes/cryptoland/framework/dist/themify/fonts/themifyd41d.eot]
[www.demo-ninetheme.com/cryptoland/wp-content/themes/cryptoland/framework/dist/themify/fonts/themify9f24.woff]
[www.demo-ninetheme.com/cryptoland/wp-content/themes/cryptoland/framework/dist/themify/fonts/themify9f24.ttf]
[www.demo-ninetheme.com/cryptoland/wp-content/plugins/visual_composer/assets/lib/bower/font-awesome/fonts/fontawesome-webfont3e6e.eot]
[www.demo-ninetheme.com/cryptoland/wp-content/plugins/visual_composer/assets/lib/bower/font-awesome/fonts/fontawesome-webfontd41d.eot]
[www.demo-ninetheme.com/cryptoland/wp-content/plugins/visual_composer/assets/lib/bower/font-awesome/fonts/fontawesome-webfont3e6e.woff2]
[www.demo-ninetheme.com/cryptoland/wp-content/plugins/visual_composer/assets/lib/bower/font-awesome/fonts/fontawesome-webfont3e6e.woff]
[www.demo-ninetheme.com/cryptoland/wp-content/plugins/visual_composer/assets/lib/bower/font-awesome/fonts/fontawesome-webfont3e6e.ttf]
[www.demo-ninetheme.com/cryptoland/wp-content/themes/cryptoland/framework/js/flexslider/fonts/flexslider-icon.eot]
[www.demo-ninetheme.com/cryptoland/wp-content/themes/cryptoland/framework/js/flexslider/fonts/flexslider-icond41d.eot]
[www.demo-ninetheme.com/cryptoland/wp-content/themes/cryptoland/framework/js/flexslider/fonts/flexslider-icon.woff]
[www.demo-ninetheme.com/cryptoland/wp-content/themes/cryptoland/framework/js/flexslider/fonts/flexslider-icon.ttf]
[www.demo-ninetheme.com/cryptoland/wp-content/themes/cryptoland/fonts/Gilroy-Light/Gilroy-Light.eot]
[www.demo-ninetheme.com/cryptoland/wp-content/themes/cryptoland/fonts/Gilroy-Light/Gilroy-Lightd41d.eot]
[www.demo-ninetheme.com/cryptoland/wp-content/themes/cryptoland/fonts/Gilroy-Light/Gilroy-Light.woff]
[www.demo-ninetheme.com/cryptoland/wp-content/themes/cryptoland/fonts/Gilroy-Light/Gilroy-Light.ttf]
[www.demo-ninetheme.com/cryptoland/wp-content/themes/cryptoland/fonts/RobotoBold/RobotoBold.eot]
[www.demo-ninetheme.com/cryptoland/wp-content/themes/cryptoland/fonts/RobotoBold/RobotoBoldd41d.eot]
[www.demo-ninetheme.com/cryptoland/wp-content/themes/cryptoland/fonts/RobotoBold/RobotoBold.woff]
[www.demo-ninetheme.com/cryptoland/wp-content/themes/cryptoland/fonts/RobotoBold/RobotoBold.ttf]
[www.demo-ninetheme.com/cryptoland/wp-content/plugins/visual_composer/assets/vc/alert.png]
[www.demo-ninetheme.com/cryptoland/wp-content/plugins/visual_composer/assets/vc/info.png]
[www.demo-ninetheme.com/cryptoland/wp-content/plugins/visual_composer/assets/vc/tick.png]
[www.demo-ninetheme.com/cryptoland/wp-content/plugins/visual_composer/assets/vc/exclamation.png]
[www.demo-ninetheme.com/cryptoland/wp-content/plugins/visual_composer/assets/images/icons/address-book.png]
[www.demo-ninetheme.com/cryptoland/wp-content/plugins/visual_composer/assets/images/icons/alarm-clock.png]
[www.demo-ninetheme.com/cryptoland/wp-content/plugins/visual_composer/assets/images/icons/anchor.png]
[www.demo-ninetheme.com/cryptoland/wp-content/plugins/visual_composer/assets/images/icons/application-image.png]
[www.demo-ninetheme.com/cryptoland/wp-content/plugins/visual_composer/assets/images/icons/arrow.png]
[www.demo-ninetheme.com/cryptoland/wp-content/plugins/visual_composer/assets/images/icons/asterisk.png]
[www.demo-ninetheme.com/cryptoland/wp-content/plugins/visual_composer/assets/images/icons/auction-hammer.png]
[www.demo-ninetheme.com/cryptoland/wp-content/plugins/visual_composer/assets/images/icons/balloon.png]
[www.demo-ninetheme.com/cryptoland/wp-content/plugins/visual_composer/assets/images/icons/balloon-buzz.png]
[www.demo-ninetheme.com/cryptoland/wp-content/plugins/visual_composer/assets/images/icons/balloon-facebook.png]
[www.demo-ninetheme.com/cryptoland/wp-content/plugins/visual_composer/assets/images/icons/balloon-twitter.png]
[www.demo-ninetheme.com/cryptoland/wp-content/plugins/visual_composer/assets/images/icons/battery-full.png]
[www.demo-ninetheme.com/cryptoland/wp-content/plugins/visual_composer/assets/images/icons/binocular.png]
[www.demo-ninetheme.com/cryptoland/wp-content/plugins/visual_composer/assets/images/icons/blue-document-excel.png]
[www.demo-ninetheme.com/cryptoland/wp-content/plugins/visual_composer/assets/images/icons/blue-document-image.png]
[www.demo-ninetheme.com/cryptoland/wp-content/plugins/visual_composer/assets/images/icons/blue-document-music.png]
[www.demo-ninetheme.com/cryptoland/wp-content/plugins/visual_composer/assets/images/icons/blue-document-office.png]
[www.demo-ninetheme.com/cryptoland/wp-content/plugins/visual_composer/assets/images/icons/blue-document-pdf.png]
[www.demo-ninetheme.com/cryptoland/wp-content/plugins/visual_composer/assets/images/icons/blue-document-powerpoint.png]
[www.demo-ninetheme.com/cryptoland/wp-content/plugins/visual_composer/assets/images/icons/blue-document-word.png]
[www.demo-ninetheme.com/cryptoland/wp-content/plugins/visual_composer/assets/images/icons/bookmark.png]
[www.demo-ninetheme.com/cryptoland/wp-content/plugins/visual_composer/assets/images/icons/camcorder.png]
[www.demo-ninetheme.com/cryptoland/wp-content/plugins/visual_composer/assets/images/icons/camera.png]
[www.demo-ninetheme.com/cryptoland/wp-content/plugins/visual_composer/assets/images/icons/chart.png]
[www.demo-ninetheme.com/cryptoland/wp-content/plugins/visual_composer/assets/images/icons/chart-pie.png]
[www.demo-ninetheme.com/cryptoland/wp-content/plugins/visual_composer/assets/images/icons/clock.png]
[www.demo-ninetheme.com/cryptoland/wp-content/plugins/visual_composer/assets/images/icons/control.png]
[www.demo-ninetheme.com/cryptoland/wp-content/plugins/visual_composer/assets/images/icons/fire.png]
[www.demo-ninetheme.com/cryptoland/wp-content/plugins/visual_composer/assets/images/icons/heart.png]
[www.demo-ninetheme.com/cryptoland/wp-content/plugins/visual_composer/assets/images/icons/mail.png]
[www.demo-ninetheme.com/cryptoland/wp-content/plugins/visual_composer/assets/images/icons/plus-shield.png]
[www.demo-ninetheme.com/cryptoland/wp-content/plugins/visual_composer/assets/images/icons/video.png]
[www.demo-ninetheme.com/cryptoland/wp-content/plugins/visual_composer/assets/fonts/vc_icons_v2/fonts/vcpb-plugin-iconsb82a.eot]
[www.demo-ninetheme.com/cryptoland/wp-content/plugins/visual_composer/assets/fonts/vc_icons_v2/fonts/vcpb-plugin-iconsb82a.ttf]
[www.demo-ninetheme.com/cryptoland/wp-content/plugins/visual_composer/assets/fonts/vc_icons_v2/fonts/vcpb-plugin-iconsb82a.woff]
[www.demo-ninetheme.com/cryptoland/wp-content/plugins/visual_composer/assets/images/toggle_open.png]
[www.demo-ninetheme.com/cryptoland/wp-content/plugins/visual_composer/assets/images/toggle_close.png]
[www.demo-ninetheme.com/cryptoland/wp-content/plugins/visual_composer/assets/images/flickr.png]
[www.demo-ninetheme.com/cryptoland/wp-content/plugins/visual_composer/assets/fonts/vc_grid/vc_grid_v157a1.eot]
[www.demo-ninetheme.com/cryptoland/wp-content/plugins/visual_composer/assets/fonts/vc_grid/vc_grid_v1d41d.eot]
[www.demo-ninetheme.com/cryptoland/wp-content/plugins/visual_composer/assets/fonts/vc_grid/vc_grid_v157a1.woff]
[www.demo-ninetheme.com/cryptoland/wp-content/plugins/visual_composer/assets/fonts/vc_grid/vc_grid_v157a1.ttf]
[www.demo-ninetheme.com/cryptoland/wp-content/plugins/visual_composer/assets/images/spinner.gif]
[www.demo-ninetheme.com/cryptoland/wp-content/plugins/visual_composer/assets/vc/remove.png]
[www.demo-ninetheme.com/cryptoland/wp-content/cache/minify/93f55.css]
[www.demo-ninetheme.com/cryptoland/wp-content/cache/minify/3e8fc.js]
[www.demo-ninetheme.com/cryptoland/wp-content/uploads/2018/09/Logo_white.svg]
[www.demo-ninetheme.com/cryptoland/wp-content/uploads/2018/09/Logo_gradient.svg]
[www.demo-ninetheme.com/cryptoland/wp-content/cache/minify/8ac6f.css]
[www.demo-ninetheme.com/cryptoland/wp-content/uploads/2018/11/1-e1541424366575.jpg]
[www.demo-ninetheme.com/cryptoland/wp-content/uploads/2018/10/bg.jpg]
[www.demo-ninetheme.com/cryptoland/category/bitcoin/index.html]
[www.demo-ninetheme.com/cryptoland/category/blockchain/index.html]
[www.demo-ninetheme.com/cryptoland/wp-login.html]
[www.demo-ninetheme.com/cryptoland/wp-content/cache/minify/e6bac.js]
[www.demo-ninetheme.com/cryptoland/blog/index.html]
[www.demo-ninetheme.com/cryptoland/tag/bitcoin/index.html]
[www.demo-ninetheme.com/cryptoland/tag/crypto/index.html]
[www.demo-ninetheme.com/cryptoland/wp-content/uploads/2018/10/service-icon-1.svg]
[www.demo-ninetheme.com/cryptoland/tag/graphic/index.html]
[www.demo-ninetheme.com/cryptoland/wp-content/uploads/2018/10/service-icon-2.svg]
[www.demo-ninetheme.com/cryptoland/tag/ico/index.html]
[www.demo-ninetheme.com/cryptoland/wp-content/uploads/2018/10/service-icon-3.svg]
[www.demo-ninetheme.com/cryptoland/tag/january/index.html]
[www.demo-ninetheme.com/cryptoland/wp-content/uploads/2018/10/service-icon-4.svg]
[www.demo-ninetheme.com/cryptoland/tag/landing/index.html]
[www.demo-ninetheme.com/cryptoland/wp-content/uploads/2018/10/pr-icon-1.svg]
[www.demo-ninetheme.com/cryptoland/tag/october/index.html]
[www.demo-ninetheme.com/cryptoland/wp-content/uploads/2018/10/pr-icon-2.svg]
[www.demo-ninetheme.com/cryptoland/tag/responsive/index.html]
[www.demo-ninetheme.com/cryptoland/wp-content/uploads/2018/10/pr-icon-3.svg]
[www.demo-ninetheme.com/cryptoland/category/uncategorized/index.html]
[www.demo-ninetheme.com/cryptoland/blog/page/2/index.html]
[www.demo-ninetheme.com/cryptoland/wp-content/uploads/2018/10/pr-icon-4.svg]
[www.demo-ninetheme.com/cryptoland/category/blokchain/index.html]
[www.demo-ninetheme.com/cryptoland/category/cryptocurrency/index.html]
[www.demo-ninetheme.com/cryptoland/2018/10/index.html]
[www.demo-ninetheme.com/cryptoland/wp-content/uploads/2018/10/advisorBg-1.svg]
[www.demo-ninetheme.com/cryptoland/wp-content/uploads/2018/10/linkedin.svg]
[www.demo-ninetheme.com/cryptoland/wp-content/uploads/2018/10/advisorBg-2.svg]
[www.demo-ninetheme.com/cryptoland/wp-content/uploads/2018/10/google-plus.svg]
[www.demo-ninetheme.com/cryptoland/wp-content/uploads/2018/10/advisorBg-3.svg]
[www.demo-ninetheme.com/cryptoland/wp-content/uploads/2018/10/facebook.svg]
[www.demo-ninetheme.com/cryptoland/category/ico/index.html]
[www.demo-ninetheme.com/cryptoland/category/news/index.html]
[www.demo-ninetheme.com/cryptoland/2018/09/index.html]
[www.demo-ninetheme.com/cryptoland/wp-json/oembed/1.0/embed2eab.json]
[www.demo-ninetheme.com/cryptoland/2018/10/23/start-the-redemption-before-the-ico-completion-2/feed/index.html]
[www.demo-ninetheme.com/cryptoland/wp-json/oembed/1.0/embed6cf5]
[www.demo-ninetheme.com/cryptoland/wp-content/uploads/2018/11/30af994384c529694b3bf840f5d087a0.jpg]
[www.demo-ninetheme.com/cryptoland/2018/10/23/start-the-redemption-before-the-ico-completion-2/index.html]
[www.demo-ninetheme.com/cryptoland/wp-content/cache/minify/6ee87.js]
[www.demo-ninetheme.com/cryptoland/2018/10/23/start-the-redemption-before-the-ico-completion-2/index06ab.html]
[www.demo-ninetheme.com/cryptoland/2018/10/23/start-the-redemption-before-the-ico-completion-2/indexf970.html]
[www.demo-ninetheme.com/cryptoland/wp-json/oembed/1.0/embed5015.json]
[www.demo-ninetheme.com/cryptoland/2018/10/23/new-trends-in-ui-ux-design-world-integration/feed/index.html]
[www.demo-ninetheme.com/cryptoland/2018/10/23/new-trends-in-ui-ux-design-world-integration/index.html]
[www.demo-ninetheme.com/cryptoland/wp-json/oembed/1.0/embede308]
[www.demo-ninetheme.com/cryptoland/2018/10/23/new-trends-in-ui-ux-design-world-integration/indexfaf1.html]
[www.demo-ninetheme.com/cryptoland/2018/10/23/new-trends-in-ui-ux-design-world-integration/index954a.html]
[www.demo-ninetheme.com/cryptoland/wp-json/oembed/1.0/embed7666.json]
[www.demo-ninetheme.com/cryptoland/2018/10/23/new-trends-in-ui-ux-design-world-integration/index745d.html]
[www.demo-ninetheme.com/cryptoland/2018/10/23/the-crypto-project-has-reached-seven-billions-2/feed/index.html]
[www.demo-ninetheme.com/cryptoland/2018/10/23/the-crypto-project-has-reached-seven-billions-2/index.html]
[www.demo-ninetheme.com/cryptoland/wp-json/oembed/1.0/embedeb66]
[www.demo-ninetheme.com/cryptoland/wp-json/oembed/1.0/embedf6b3.json]
[www.demo-ninetheme.com/cryptoland/2018/10/05/start-the-redemption-before-the-ico-completion/feed/index.html]
[www.demo-ninetheme.com/cryptoland/2018/10/23/the-crypto-project-has-reached-seven-billions-2/indexa82a.html]
[www.demo-ninetheme.com/cryptoland/2018/10/23/the-crypto-project-has-reached-seven-billions-2/index1dff.html]
[www.demo-ninetheme.com/cryptoland/wp-json/oembed/1.0/embeda84a]
[www.demo-ninetheme.com/cryptoland/2018/10/05/start-the-redemption-before-the-ico-completion/index.html]
[www.demo-ninetheme.com/cryptoland/wp-content/uploads/2018/11/2-e1541424415226.jpg]
[www.demo-ninetheme.com/cryptoland/2018/10/05/start-the-redemption-before-the-ico-completion/index2320.html]
[www.demo-ninetheme.com/cryptoland/2018/10/05/start-the-redemption-before-the-ico-completion/index094c.html]
[www.demo-ninetheme.com/cryptoland/2018/10/05/start-the-redemption-before-the-ico-completion/index06b6.html]
[www.demo-ninetheme.com/cryptoland/wp-json/oembed/1.0/embeda2b6.json]
[www.demo-ninetheme.com/cryptoland/2018/10/05/the-crypto-project-has-reached-seven-billions/feed/index.html]
[www.demo-ninetheme.com/cryptoland/wp-json/oembed/1.0/embedad36]
[www.demo-ninetheme.com/cryptoland/2018/10/05/the-crypto-project-has-reached-seven-billions/index.html]
[www.demo-ninetheme.com/cryptoland/wp-content/uploads/2018/11/3-e1541424522583.jpg]
[www.demo-ninetheme.com/cryptoland/2018/10/05/the-crypto-project-has-reached-seven-billions/index6f0d.html]
[www.demo-ninetheme.com/cryptoland/2018/10/05/the-crypto-project-has-reached-seven-billions/indexa79a.html]
[www.demo-ninetheme.com/cryptoland/2018/10/05/the-crypto-project-has-reached-seven-billions/index5a86.html]
[www.demo-ninetheme.com/cryptoland/wp-json/oembed/1.0/embed446e.json]
[www.demo-ninetheme.com/cryptoland/2018/09/27/new-trends-crypto-moneys/feed/index.html]
[www.demo-ninetheme.com/cryptoland/2018/10/05/the-crypto-project-has-reached-seven-billions/indexb951.html]
[www.demo-ninetheme.com/cryptoland/wp-json/oembed/1.0/embedcbac]
[www.demo-ninetheme.com/cryptoland/2018/09/27/new-trends-crypto-moneys/index.html]
[www.demo-ninetheme.com/cryptoland/wp-content/uploads/2018/10/app_bg-2-1.png]
[www.demo-ninetheme.com/cryptoland/2018/09/27/new-trends-crypto-moneys/index360b.html]
[www.demo-ninetheme.com/cryptoland/2018/09/27/new-trends-crypto-moneys/index8528.html]
[www.demo-ninetheme.com/cryptoland/2018/09/27/new-trends-crypto-moneys/index6809.html]
[www.demo-ninetheme.com/cryptoland/wp-content/cache/minify/897f8.js]
[www.demo-ninetheme.com/cryptoland/wp-content/themes/cryptoland/framework/dist/ion-icons/fonts/ionicons28b5.svg]
[www.demo-ninetheme.com/cryptoland/wp-content/themes/cryptoland/framework/dist/themify/fonts/themify9f24.svg]
[www.demo-ninetheme.com/cryptoland/wp-content/plugins/visual_composer/assets/lib/bower/font-awesome/fonts/fontawesome-webfont3e6e.svg]
[www.demo-ninetheme.com/cryptoland/wp-content/themes/cryptoland/framework/js/flexslider/fonts/flexslider-icon.svg]
[www.demo-ninetheme.com/cryptoland/wp-content/themes/cryptoland/fonts/fontello/fontello.html]
[www.demo-ninetheme.com/cryptoland/wp-content/themes/cryptoland/fonts/fontello/fontello-2.html]
[www.demo-ninetheme.com/cryptoland/wp-content/themes/cryptoland/fonts/fontello/fontello-3.html]
[www.demo-ninetheme.com/cryptoland/wp-content/themes/cryptoland/fonts/fontello/fontello-4.html]
[www.demo-ninetheme.com/cryptoland/wp-content/themes/cryptoland/css/owl.video.play.html]
[www.demo-ninetheme.com/cryptoland/wp-content/themes/cryptoland/images/Logo_gradient.svg]
[www.demo-ninetheme.com/cryptoland/wp-content/themes/cryptoland/images/down-chevron-grey.svg]
[www.demo-ninetheme.com/cryptoland/wp-content/themes/cryptoland/images/Logo_white.svg]
[www.demo-ninetheme.com/cryptoland/wp-content/themes/cryptoland/images/down-chevron.svg]
[www.demo-ninetheme.com/cryptoland/wp-content/themes/cryptoland/images/check.svg]
[www.demo-ninetheme.com/cryptoland/wp-content/themes/cryptoland/images/video-btn-icon.svg]
[www.demo-ninetheme.com/cryptoland/wp-content/themes/cryptoland/images/down-chevron-blue.svg]
[www.demo-ninetheme.com/cryptoland/wp-content/themes/cryptoland/images/check1.svg]
[www.demo-ninetheme.com/cryptoland/wp-content/themes/cryptoland/images/check2.html]
[www.demo-ninetheme.com/cryptoland/wp-content/themes/cryptoland/images/check3.svg]
[www.demo-ninetheme.com/cryptoland/wp-content/themes/cryptoland/images/check4.svg]
[www.demo-ninetheme.com/cryptoland/wp-content/themes/cryptoland/images/process-arr-line.svg]
[www.demo-ninetheme.com/cryptoland/wp-content/themes/cryptoland/images/home5-arr-right.svg]
[www.demo-ninetheme.com/cryptoland/wp-content/plugins/visual_composer/assets/fonts/vc_icons_v2/fonts/vcpb-plugin-iconsb82a.svg]
[www.demo-ninetheme.com/cryptoland/wp-content/plugins/visual_composer/assets/vc/blur.svg]
[www.demo-ninetheme.com/cryptoland/wp-content/plugins/visual_composer/assets/fonts/vc_grid/vc_grid_v157a1.svg]
[www.demo-ninetheme.com/cryptoland/wp-content/cache/minify/8ac6f.css]
[www.demo-ninetheme.com/cryptoland/category/bitcoin/index.html]
[www.demo-ninetheme.com/cryptoland/category/blockchain/index.html]
[www.demo-ninetheme.com/cryptoland/tag/bitcoin/index.html]
[www.demo-ninetheme.com/cryptoland/category/bitcoin/page/2/index.html]
[www.demo-ninetheme.com/cryptoland/category/bitcoin/feed/index.html]
[www.demo-ninetheme.com/cryptoland/tag/crypto/index.html]
[www.demo-ninetheme.com/cryptoland/tag/graphic/index.html]
[www.demo-ninetheme.com/cryptoland/category/blockchain/feed/index.html]
[www.demo-ninetheme.com/cryptoland/tag/ico/index.html]
[www.demo-ninetheme.com/cryptoland/tag/bitcoin/feed/index.html]
[www.demo-ninetheme.com/cryptoland/tag/crypto/feed/index.html]
[www.demo-ninetheme.com/cryptoland/tag/january/index.html]
[www.demo-ninetheme.com/cryptoland/tag/landing/index.html]
[www.demo-ninetheme.com/cryptoland/tag/graphic/feed/index.html]
[www.demo-ninetheme.com/cryptoland/tag/october/index.html]
[www.demo-ninetheme.com/cryptoland/tag/ico/feed/index.html]
[www.demo-ninetheme.com/cryptoland/tag/responsive/index.html]
[www.demo-ninetheme.com/cryptoland/tag/january/feed/index.html]
[www.demo-ninetheme.com/cryptoland/tag/landing/feed/index.html]
[www.demo-ninetheme.com/cryptoland/category/uncategorized/index.html]
[www.demo-ninetheme.com/cryptoland/blog/page/2/index.html]
[www.demo-ninetheme.com/cryptoland/category/blokchain/index.html]
[www.demo-ninetheme.com/cryptoland/tag/october/feed/index.html]
[www.demo-ninetheme.com/cryptoland/category/cryptocurrency/index.html]
[www.demo-ninetheme.com/cryptoland/tag/responsive/feed/index.html]
[www.demo-ninetheme.com/cryptoland/category/ico/index.html]
[www.demo-ninetheme.com/cryptoland/category/blokchain/feed/index.html]
[www.demo-ninetheme.com/cryptoland/category/uncategorized/feed/index.html]
[www.demo-ninetheme.com/cryptoland/category/news/index.html]
[www.demo-ninetheme.com/cryptoland/2018/10/index.html]
[www.demo-ninetheme.com/cryptoland/category/cryptocurrency/feed/index.html]
[www.demo-ninetheme.com/cryptoland/2018/09/index.html]
[www.demo-ninetheme.com/cryptoland/category/ico/feed/index.html]
[www.demo-ninetheme.com/cryptoland/category/news/feed/index.html]
[www.demo-ninetheme.com/cryptoland/2018/index.html]
[www.demo-ninetheme.com/cryptoland/wp-content/uploads/2018/10/cropped-graphic-270x270.png]
[www.demo-ninetheme.com/cryptoland/wp-admin/load-styles97c5.css]
[www.demo-ninetheme.com/cryptoland/2018/10/page/2/index.html]
[www.demo-ninetheme.com/cryptoland/wp-login.html]
[www.demo-ninetheme.com/cryptoland/wp-loginc2b6.html]
[www.demo-ninetheme.com/cryptoland/wp-content/cache/minify/e6bac.js]
[www.demo-ninetheme.com/cryptoland/index5723.html]
[www.demo-ninetheme.com/cryptoland/2018/10/23/start-the-redemption-before-the-ico-completion-2/index06ab.html]
[www.demo-ninetheme.com/cryptoland/2018/10/23/start-the-redemption-before-the-ico-completion-2/indexf970.html]
[www.demo-ninetheme.com/cryptoland/wp-content/cache/minify/6ee87.js]
[www.demo-ninetheme.com/cryptoland/index0111.html]
[www.demo-ninetheme.com/cryptoland/2018/10/23/new-trends-in-ui-ux-design-world-integration/index954a.html]
[www.demo-ninetheme.com/cryptoland/2018/10/23/new-trends-in-ui-ux-design-world-integration/indexfaf1.html]
[www.demo-ninetheme.com/cryptoland/2018/10/23/new-trends-in-ui-ux-design-world-integration/index745d.html]
[www.demo-ninetheme.com/cryptoland/index4b0e.html]
[www.demo-ninetheme.com/cryptoland/2018/10/23/the-crypto-project-has-reached-seven-billions-2/indexa82a.html]
[www.demo-ninetheme.com/cryptoland/2018/10/23/the-crypto-project-has-reached-seven-billions-2/index1dff.html]
[www.demo-ninetheme.com/cryptoland/index261b.html]
[www.demo-ninetheme.com/cryptoland/2018/10/05/start-the-redemption-before-the-ico-completion/index2320.html]
[www.demo-ninetheme.com/cryptoland/2018/10/05/start-the-redemption-before-the-ico-completion/index094c.html]
[www.demo-ninetheme.com/cryptoland/2018/10/05/start-the-redemption-before-the-ico-completion/index06b6.html]
[www.demo-ninetheme.com/cryptoland/index9e8b.html]
[www.demo-ninetheme.com/cryptoland/2018/10/05/the-crypto-project-has-reached-seven-billions/index6f0d.html]
[www.demo-ninetheme.com/cryptoland/2018/10/05/the-crypto-project-has-reached-seven-billions/indexa79a.html]
[www.demo-ninetheme.com/cryptoland/2018/10/05/the-crypto-project-has-reached-seven-billions/index5a86.html]
[www.demo-ninetheme.com/cryptoland/2018/10/05/the-crypto-project-has-reached-seven-billions/indexb951.html]
[www.demo-ninetheme.com/cryptoland/indexcff1.html]
[www.demo-ninetheme.com/cryptoland/2018/09/27/new-trends-crypto-moneys/index6809.html]
[www.demo-ninetheme.com/cryptoland/2018/09/27/new-trends-crypto-moneys/index360b.html]
[www.demo-ninetheme.com/cryptoland/2018/09/27/new-trends-crypto-moneys/index8528.html]
[www.demo-ninetheme.com/cryptoland/Trident/index.html]
[www.demo-ninetheme.com/cryptoland/Edge/index.html]
[www.demo-ninetheme.com/cryptoland/GET.html]
[www.demo-ninetheme.com/cryptoland/THREE.CanvasRenderer has been moved to/examples/js/renderers/CanvasRenderer.html]
[www.demo-ninetheme.com/cryptoland/THREE.SceneUtils has been moved to/examples/js/utils/SceneUtils.html]
[www.demo-ninetheme.com/cryptoland/THREE.LensFlare has been moved to/examples/js/objects/Lensflare.html]
[www.demo-ninetheme.com/cryptoland/Version/index.html]
[www.demo-ninetheme.com/cryptoland/dist/index.html]
[www.demo-ninetheme.com/cryptoland/category/bitcoin/page/2/index.html]
[www.demo-ninetheme.com/cryptoland/2018/11/02/contact/index.html]
[www.demo-ninetheme.com/cryptoland/2018/index.html]
[www.demo-ninetheme.com/cryptoland/2018/10/page/2/index.html]
[www.demo-ninetheme.com/cryptoland/wp-includes/fonts/dashicons.eot]
[www.demo-ninetheme.com/cryptoland/wp-admin/images/loading.gif]
[www.demo-ninetheme.com/cryptoland/2018/page/2/index.html]
[www.demo-ninetheme.com/cryptoland/wp-admin/images/w-logo-blue7a53.png]
[www.demo-ninetheme.com/cryptoland/wp-admin/load-styles97c5.css]
[www.demo-ninetheme.com/cryptoland/wp-admin/index.html]
[www.demo-ninetheme.com/cryptoland/wp-loginc2b6.html]
[www.demo-ninetheme.com/cryptoland/blog/Trident/index.html]
[www.demo-ninetheme.com/cryptoland/blog/Edge/index.html]
[www.demo-ninetheme.com/cryptoland/blog/GET.html]
[www.demo-ninetheme.com/cryptoland/blog/THREE.CanvasRenderer has been moved to/examples/js/renderers/CanvasRenderer.html]
[www.demo-ninetheme.com/cryptoland/blog/THREE.SceneUtils has been moved to/examples/js/utils/SceneUtils.html]
[www.demo-ninetheme.com/cryptoland/blog/THREE.LensFlare has been moved to/examples/js/objects/Lensflare.html]
[www.demo-ninetheme.com/cryptoland/blog/Version/index.html]
[www.demo-ninetheme.com/cryptoland/blog/dist/index.html]
[www.demo-ninetheme.com/cryptoland/2018/10/23/start-the-redemption-before-the-ico-completion-2/Trident/index.html]
[www.demo-ninetheme.com/cryptoland/2018/10/23/start-the-redemption-before-the-ico-completion-2/Edge/index.html]
[www.demo-ninetheme.com/cryptoland/2018/10/23/start-the-redemption-before-the-ico-completion-2/GET.html]
[www.demo-ninetheme.com/cryptoland/2018/10/23/start-the-redemption-before-the-ico-completion-2/THREE.CanvasRenderer has been moved to/examples/js/renderers/CanvasRenderer.html]
[www.demo-ninetheme.com/cryptoland/2018/10/23/start-the-redemption-before-the-ico-completion-2/THREE.SceneUtils has been moved to/examples/js/utils/SceneUtils.html]
[www.demo-ninetheme.com/cryptoland/2018/10/23/start-the-redemption-before-the-ico-completion-2/THREE.LensFlare has been moved to/examples/js/objects/Lensflare.html]
[www.demo-ninetheme.com/cryptoland/2018/10/23/start-the-redemption-before-the-ico-completion-2/Version/index.html]
[www.demo-ninetheme.com/cryptoland/2018/10/23/start-the-redemption-before-the-ico-completion-2/dist/index.html]
[www.demo-ninetheme.com/cryptoland/2018/page/2/index.html]
[www.demo-ninetheme.com/cryptoland/wp-admin/images/wordpress-logo7d6b.svg]
[www.demo-ninetheme.com/cryptoland/wp-logincfaa.html]
[www.demo-ninetheme.com/cryptoland/wp-logincfaa.html]
[www.demo-ninetheme.com/cryptoland/wp-admin/&reauth=1.html]
